Last login: Mon Sep 13 16:48:45 on ttys000
maxime@MacBook-Pro-de-Maxime ~ % pwd
/Users/maxime
maxime@MacBook-Pro-de-Maxime ~ % cd ..
maxime@MacBook-Pro-de-Maxime /Users % pwd
/Users
maxime@MacBook-Pro-de-Maxime /Users % cd ..
maxime@MacBook-Pro-de-Maxime / % pwd
/
maxime@MacBook-Pro-de-Maxime / % ls
Applications	Volumes		etc		sbin
Library		bin		home		tmp
System		cores		opt		usr
Users		dev		private		var
maxime@MacBook-Pro-de-Maxime / % cd home
maxime@MacBook-Pro-de-Maxime /home % ls
maxime@MacBook-Pro-de-Maxime /home % ls
maxime@MacBook-Pro-de-Maxime /home % cd ..
maxime@MacBook-Pro-de-Maxime / % cd users
maxime@MacBook-Pro-de-Maxime /users % ls
Shared	maxime
maxime@MacBook-Pro-de-Maxime /users % cd maxime
maxime@MacBook-Pro-de-Maxime maxime % ls
Applications	Downloads	Music		pCloud Drive
Desktop		Library		Pictures	wine
Documents	Movies		Public
maxime@MacBook-Pro-de-Maxime maxime % ls pictures
Bibliothèque Photo Booth	Stellarium
Import PCloud			background
PSM Publications ARSIP		obj-50mm-7648_01.png
Photos Library.photoslibrary	objectif-50mm-7648.jpg
maxime@MacBook-Pro-de-Maxime maxime % ls ./pictures
Bibliothèque Photo Booth	Stellarium
Import PCloud			background
PSM Publications ARSIP		obj-50mm-7648_01.png
Photos Library.photoslibrary	objectif-50mm-7648.jpg
maxime@MacBook-Pro-de-Maxime maxime % ls documents
Adobe					Logo
Alimentation				Modèles Office personnalisés
Associations				Mounissette.DPT
Assurance				My Fiit 2020.pdf
BTMS					Pliage
Banques					Powerpoint
Concours Photos				SOLIDWORKS Downloads
DAO					SOLIDWORKSComposer
DPTopoConfig				SW Log Files
Documents Officiels			Santé
E-Book - Notices			Spéleo-Rando-Sport
Factures				Travail - Pro
Famille					Véhicules
Feuille lignee-10mm.pdf			Voyages
Filigrane				Zoom
Fusion 360				horaires-decheterie_v20210126.pdf
Impôts					le+mail+pdf.pdf
Logement				pdf_clavier accents.pdf
maxime@MacBook-Pro-de-Maxime maxime % ls /bin
[		dd		launchctl	pwd		test
bash		df		link		rm		unlink
cat		echo		ln		rmdir		wait4path
chmod		ed		ls		sh		zsh
cp		expr		mkdir		sleep
csh		hostname	mv		stty
dash		kill		pax		sync
date		ksh		ps		tcsh
maxime@MacBook-Pro-de-Maxime maxime % cd pictures
maxime@MacBook-Pro-de-Maxime pictures % pwd
/users/maxime/pictures
maxime@MacBook-Pro-de-Maxime pictures % cd ..
maxime@MacBook-Pro-de-Maxime maxime % cd/opt
zsh: no such file or directory: cd/opt
maxime@MacBook-Pro-de-Maxime maxime % cd /opt
maxime@MacBook-Pro-de-Maxime /opt % cd ../users/maxime
maxime@MacBook-Pro-de-Maxime maxime % pwd
/users/maxime
maxime@MacBook-Pro-de-Maxime maxime % ls
Applications	Downloads	Music		pCloud Drive
Desktop		Library		Pictures	wine
Documents	Movies		Public
maxime@MacBook-Pro-de-Maxime maxime % cd ~/download
cd: no such file or directory: /Users/maxime/download
maxime@MacBook-Pro-de-Maxime maxime % cd ~/downloads
maxime@MacBook-Pro-de-Maxime downloads % pwd
/Users/maxime/downloads
maxime@MacBook-Pro-de-Maxime downloads % ls
BackgroundMusic-0.4.0-SNAPSHOT-b38f6dd.pkg
Banque
Capture d’écran 2021-08-31 à 20.23.17.png
Logi Capture Installer 2.04.8.app
LogiMgr Installer 8.54.147.app
WhatsApp Image 2021-08-31 at 18.05.23.jpeg
obj-50mm-7648.JPG
obj-50mm-7648.JPG.xmp
oceanic-next.terminal
uc.png
maxime@MacBook-Pro-de-Maxime downloads % 
